(base)
peeu3@LAPTOP-6C4ALIDE MINGW64 ~
$

(base)
peeu3@LAPTOP-6C4ALIDE MINGW64 ~
$
(base)
(base)
peeu3@LAPTOP-6C4ALIDE MINGW64 ~
$ git --
unknown option: --
usage: git [-v | --version] [-h | --help] [-C <path>] [-c <name>=<value>]
           [--exec-path[=<path>]] [--html-path] [--man-path] [--info-path]
           [-p | --paginate | -P | --no-pager] [--no-replace-objects] [--no-lazy-fetch]
           [--no-optional-locks] [--no-advice] [--bare] [--git-dir=<path>]
           [--work-tree=<path>] [--namespace=<name>] [--config-env=<name>=<envvar>]
           <command> [<args>]
(base) 
peeu3@LAPTOP-6C4ALIDE MINGW64 ~
$ cd
(base) 
peeu3@LAPTOP-6C4ALIDE MINGW64 ~
$ git --help
usage: git [-v | --version] [-h | --help] [-C <path>] [-c <name>=<value>]
           [--exec-path[=<path>]] [--html-path] [--man-path] [--info-path]
           [-p | --paginate | -P | --no-pager] [--no-replace-objects] [--no-lazy-fetch]
           [--no-optional-locks] [--no-advice] [--bare] [--git-dir=<path>]
           [--work-tree=<path>] [--namespace=<name>] [--config-env=<name>=<envvar>]
           <command> [<args>]

These are common Git commands used in various situations:

start a working area (see also: git help tutorial)       
   clone      Clone a repository into a new directory    
   init       Create an empty Git repository or reinitialize an existing one

work on the current change (see also: git help everyday) 
   add        Add file contents to the index
   mv         Move or rename a file, a directory, or a symlink
   restore    Restore working tree files
   rm         Remove files from the working tree and from the index

examine the history and state (see also: git help revisions)
   bisect     Use binary search to find the commit that introduced a bug
   diff       Show changes between commits, commit and working tree, etc
   grep       Print lines matching a pattern
   log        Show commit logs
   show       Show various types of objects
   status     Show the working tree status

grow, mark and tweak your common history
   backfill   Download missing objects in a partial clone
   branch     List, create, or delete branches
   commit     Record changes to the repository
   merge      Join two or more development histories together
   rebase     Reapply commits on top of another base tip 
   reset      Reset current HEAD to the specified state  
   switch     Switch branches
   tag        Create, list, delete or verify a tag object signed with GPG

collaborate (see also: git help workflows)
   fetch      Download objects and refs from another repository
   pull       Fetch from and integrate with another repository or a local branch
   push       Update remote refs along with associated objects

'git help -a' and 'git help -g' list available subcommands and some
concept guides. See 'git help <command>' or 'git help <concept>'
to read about a specific subcommand or concept.
See 'git help git' for an overview of the system.        
(base) 
peeu3@LAPTOP-6C4ALIDE MINGW64 ~
$ gitconfig
bash: gitconfig: command not found
(base) 
peeu3@LAPTOP-6C4ALIDE MINGW64 ~
$ git config
error: no action specified
(base)
peeu3@LAPTOP-6C4ALIDE MINGW64 ~
$ gitconfig --help
bash: gitconfig: command not found
(base)
peeu3@LAPTOP-6C4ALIDE MINGW64 ~
$ git config list --global
core.editor="C:\Users\peeu3\AppData\Local\Programs\Microsoft VS Code\bin\code" --wait
(base)
peeu3@LAPTOP-6C4ALIDE MINGW64 ~
$ git config --global uswr.name -''Peeu''
(base)
peeu3@LAPTOP-6C4ALIDE MINGW64 ~
$ git config --global user.name "PB"
(base)
$ get config --global user.email "devpy.pb@gmail.com"
bash: get: command not found
(base) 
peeu3@LAPTOP-6C4ALIDE MINGW64 ~
$ get config --global user.name "PB"
bash: get: command not found
(base) 
peeu3@LAPTOP-6C4ALIDE MINGW64 ~
$ get config --global user.email "devpy.pb@gmail.com"
bash: get: command not found
(base) 
peeu3@LAPTOP-6C4ALIDE MINGW64 ~
$ git config --global user.name "PB"
(base) 
peeu3@LAPTOP-6C4ALIDE MINGW64 ~
$ git config --global user.email "devpy.pb@gmail.com"
(base) 
peeu3@LAPTOP-6C4ALIDE MINGW64 ~
$ get config list --global
bash: get: command not found
(base) 
peeu3@LAPTOP-6C4ALIDE MINGW64 ~
$ get config list --global
bash: get: command not found
peeu3@LAPTOP-6C4ALIDE MINGW64 ~
peeu3@LAPTOP-6C4ALIDE MINGW64 ~
peeu3@LAPTOP-6C4ALIDE MINGW64 ~
$ git config list --global
core.editor="C:\Users\peeu3\AppData\Local\Programs\Microsoft VS Code\bin\code" --wait
uswr.name=-Peeu
user.name=PB
user.email=devpy.pb@gmail.com
(base)
peeu3@LAPTOP-6C4ALIDE MINGW64 ~
$ git config --global core.editor "code --wait"
(base)
peeu3@LAPTOP-6C4ALIDE MINGW64 ~
$ code ~/.gitconfig
(base)
peeu3@LAPTOP-6C4ALIDE MINGW64 ~
$ git config list --global
core.editor=code --wait
user.name=PB
user.email=devpy.pb@gmail.com
(base)
peeu3@LAPTOP-6C4ALIDE MINGW64 ~
$ git credential-manager github list
(base) 
peeu3@LAPTOP-6C4ALIDE MINGW64 ~
$ git credential-manager github login
info: please complete authentication in your browser...
(base) 
peeu3@LAPTOP-6C4ALIDE MINGW64 ~
$ git credential-manager github list
peeu32
(base) 
peeu3@LAPTOP-6C4ALIDE MINGW64 ~
$ git clone https://github.com/uoft-dsi/shell
Cloning into 'shell'...
remote: Enumerating objects: 1108, done.
remote: Counting objects: 100% (103/103), done.
remote: Compressing objects: 100% (66/66), done.
remote: Total 1108 (delta 47), reused 78 (delta 36), pack-reused 1005 (from 1)
Receiving objects: 100% (1108/1108), 52.87 MiB | 1.05 MiB/s, done.
Resolving deltas: 100% (472/472), done.
(base) 
peeu3@LAPTOP-6C4ALIDE MINGW64 ~
$ ls
 AppData/
'Application Data'@
 check/
 Contacts/
 Cookies@
 data/
 demofile
 demofile2
 dir10/
 dir11/
 Documents/
 Downloads/
 Favorites/
 file
 file.txt3
 file1
 file1.txt
 IntelGraphicsProfiles/
 Links/
'Local Settings'@
 main_analysis.py
 miniconda3/
 Music/
'My Documents'@
 my_directory/
 myscript
 NetHood@
 new/
 newwww/
 NTUSER.DAT
 ntuser.dat.LOG1
 ntuser.dat.LOG2
 NTUSER.DAT{7b5dfc32-4fcd-11ed-9f12-9500820c72e8}.TxR.0.regtrans-ms
 NTUSER.DAT{7b5dfc32-4fcd-11ed-9f12-9500820c72e8}.TxR.1.regtrans-ms
 NTUSER.DAT{7b5dfc32-4fcd-11ed-9f12-9500820c72e8}.TxR.2.regtrans-ms
 NTUSER.DAT{7b5dfc32-4fcd-11ed-9f12-9500820c72e8}.TxR.blf      
 NTUSER.DAT{7b5dfc33-4fcd-11ed-9f12-9500820c72e8}.TM.blf       
 NTUSER.DAT{7b5dfc33-4fcd-11ed-9f12-9500820c72e8}.TMContainer00000000000000000001.regtrans-ms
 NTUSER.DAT{7b5dfc33-4fcd-11ed-9f12-9500820c72e8}.TMContainer00000000000000000002.regtrans-ms
 ntuser.ini
 OneDrive/
 output/
 PrintHood@
 Recent@
'Saved Games'/
 Searches/
 SendTo@
 setup_direct
 shell/
'Start Menu'@
 Templates@
 test/
 txt/
 Videos/
(base) 
peeu3@LAPTOP-6C4ALIDE MINGW64 ~
$ cd
(base) 
peeu3@LAPTOP-6C4ALIDE MINGW64 ~
$ pwd
/c/Users/peeu3
(base) 
peeu3@LAPTOP-6C4ALIDE MINGW64 ~
$ cd shell/
(base) 
peeu3@LAPTOP-6C4ALIDE MINGW64 ~/shell (main)
$ ls
01_materials/           LICENSE
02_activities/          README.md
03_instructional_team/  steps_to_ask_for_help.png
04_this_cohort/
(base) 
peeu3@LAPTOP-6C4ALIDE MINGW64 ~/shell (main)
$ pwd
/c/Users/peeu3/shell
(base) 
peeu3@LAPTOP-6C4ALIDE MINGW64 ~/shell (main)
$ rm -rf shell/
(base) 
peeu3@LAPTOP-6C4ALIDE MINGW64 ~/shell (main)
$ git clone https://github.com/peeu32/shell
Cloning into 'shell'...
remote: Enumerating objects: 1097, done.
remote: Counting objects: 100% (93/93), done.
remote: Compressing objects: 100% (64/64), done.
remote: Total 1097 (delta 42), reused 66 (delta 28), pack-reused 1004 (from 1)
Receiving objects: 100% (1097/1097), 52.87 MiB | 10.29 MiB/s, done.
Resolving deltas: 100% (467/467), done.
(base) 
peeu3@LAPTOP-6C4ALIDE MINGW64 ~/shell (main)
$ pwd
/c/Users/peeu3/shell
(base) 
peeu3@LAPTOP-6C4ALIDE MINGW64 ~/shell (main)
$ cd shell
(base) 
peeu3@LAPTOP-6C4ALIDE MINGW64 ~/shell/shell (main)
$ ls
01_materials/           LICENSE
02_activities/          README.md
03_instructional_team/  steps_to_ask_for_help.png
04_this_cohort/
(base) 
peeu3@LAPTOP-6C4ALIDE MINGW64 ~/shell/shell (main)
$ touch helloworld
(base) 
peeu3@LAPTOP-6C4ALIDE MINGW64 ~/shell/shell (main)
$ ls
01_materials/           helloworld
02_activities/          LICENSE
03_instructional_team/  README.md
04_this_cohort/         steps_to_ask_for_help.png
(base)
peeu3@LAPTOP-6C4ALIDE MINGW64 ~/shell/shell (main)
$ git add helloworld
(base)
peeu3@LAPTOP-6C4ALIDE MINGW64 ~/shell/shell (main)
$ git status
On branch main
Your branch is up to date with 'origin/main'.

Changes to be committed:
  (use "git restore --staged <file>..." to unstage)
        new file:   helloworld

(base)
peeu3@LAPTOP-6C4ALIDE MINGW64 ~/shell/shell (main)
$ git commit
[main 326e72e] Create new hello world file
 1 file changed, 0 insertions(+), 0 deletions(-)
 create mode 100644 helloworld
(base) 
Your branch is ahead of 'origin/main' by 1 commit.
  (use "git push" to publish your local commits)

Your branch is ahead of 'origin/main' by 1 commit.  
  (use "git push" to publish your local commits)    

nothing to commit, working tree clean
(base)
peeu3@LAPTOP-6C4ALIDE MINGW64 ~/shell/shell (main)  
$ git push origin main
Enumerating objects: 4, done.
Counting objects: 100% (4/4), done.
Delta compression using up to 4 threads
Compressing objects: 100% (2/2), done.
Writing objects: 100% (3/3), 278 bytes | 278.00 KiB/s, done.
Total 3 (delta 1), reused 1 (delta 0), pack-reused 0 (from 0)
remote: Resolving deltas: 100% (1/1), completed with 1 local object.
To https://github.com/peeu32/shell
   3276c3b..326e72e  main -> main
(base)
peeu3@LAPTOP-6C4ALIDE MINGW64 ~/shell/shell (main)  
$ history
    1  ipython
    2  conda create --name dsi_participant python=3.9~
    3  conda create --name dsi_participant python=3.9~
    4  conda create --name dsi_participant python=3.13
    5  conda activate dsi_participant
    6  conda install -c conda-forge numpy requests ipykernel pandas seaborn scikit-learn python-dotenv dask pyarrow">=11.0.0" sacred sqlalchemy psycopg2 shap fancyimpute missingno tensorflow matplotlib plotly nbformat scikit-image opencv transformers yfinance pygam pybind11
    7  mkdir haha
    8  mkdir new
    9  ls
   10  nan file1.txt
   11  code file1.txt
   12  mkdir
   13  mkdir new
   14  touch myscript
   15  cd
   16  mkdir txt
   17  touch myscript
   18  touch setup_direct
   19  code setup_direct
   20  touch main_analysis.py
   21  ls
   22  mkdir output data
   23  ls
   24  touch demofile demofile2
   25  ls
   26  history
   27  history | less
   28  history | tail
   29  mkdir test
   30  pwd
   31  ls
   32  cd C:\Users\peeu3\OneDrive\Desktop
   33  pwd
   34  cd /c/Users/peeu3/OneDrive/Desktop
   35  is
   36  Is
   37  code
   38  nano backup.sh
   39  git --
   40  cd
   41  git --help
   42  gitconfig
   43  git config
   44  gitconfig --help
   45  git config list --global
   46  git config --global uswr.name -''Peeu''      
   47  git config --global user.name "PB"
   48  get config --global user.email "devpy.pb@gmail.com"
   49  get config --global user.name "PB"
   50  get config --global user.email "devpy.pb@gmail.com"
   51  git config --global user.name "PB"
   52  git config --global user.email "devpy.pb@gmail.com"
   53  get config list --global
   54  get config list --global
   55  git config list --global
   56  git config --global core.editor "code --wait"
   57  code ~/.gitconfig
   58  git config list --global
   59  git credential-manager github list
   60  git credential-manager github login
   61  git credential-manager github list
   62  git clone https://github.com/uoft-dsi/shell  
   63  ls
   64  cd
   64  cd
   65  pwd
   65  pwd
   66  cd shell/
   66  cd shell/
   67  ls
   68  pwd
   69  rm -rf shell/
   69  rm -rf shell/
   70  git clone https://github.com/peeu32/shell
   70  git clone https://github.com/peeu32/shell       
   70  git clone https://github.com/peeu32/shell    
   71  pwd
   72  cd shell
   73  ls
   74  touch helloworld
   75  ls
   76  git add helloworld
   77  git status
   78  git commit
   79  git status
   80  git push origin main
   81  history
(base)
peeu3@LAPTOP-6C4ALIDE MINGW64 ~/shell/shell (main)  
$ ls
01_materials/           helloworld
02_activities/          LICENSE
03_instructional_team/  README.md
04_this_cohort/         steps_to_ask_for_help.png
(base) 
peeu3@LAPTOP-6C4ALIDE MINGW64 ~/shell/shell (main)
$ pwd
/c/Users/peeu3/shell/shell
(base) 
peeu3@LAPTOP-6C4ALIDE MINGW64 ~/shell/shell (main)
$ code
(base) 
peeu3@LAPTOP-6C4ALIDE MINGW64 ~/shell/shell (main)  
$ code 02_activities/assignments/assignment
(base) 
peeu3@LAPTOP-6C4ALIDE MINGW64 ~/shell/shell (main)  
$ code 02_activities/assignments/assignment.sh
(base) 
peeu3@LAPTOP-6C4ALIDE MINGW64 ~/shell/shell (main)  
$ git status
On branch main
Your branch is up to date with 'origin/main'.       

nothing to commit, working tree clean
(base) 
peeu3@LAPTOP-6C4ALIDE MINGW64 ~/shell/shell (main)  
$ git status
On branch main
Your branch is up to date with 'origin/main'.       

Changes not staged for commit:
  (use "git add <file>..." to update what will be committed)
  (use "git restore <file>..." to discard changes in working directory)
        modified:   02_activities/assignments/assignment.sh

no changes added to commit (use "git add" and/or "git commit -a")
(base) 
peeu3@LAPTOP-6C4ALIDE MINGW64 ~/shell/shell (main)  
$ git status
On branch main
Your branch is up to date with 'origin/main'.       

Changes not staged for commit:
  (use "git add <file>..." to update what will be committed)
  (use "git restore <file>..." to discard changes in working directory)
        modified:   02_activities/assignments/assignment.sh

no changes added to commit (use "git add" and/or "git commit -a")
(base) 
peeu3@LAPTOP-6C4ALIDE MINGW64 ~/shell/shell (main)  
$ 

(base) 
peeu3@LAPTOP-6C4ALIDE MINGW64 ~/shell/shell (main)  
$ git status
On branch main
Your branch is up to date with 'origin/main'.       

Changes to be committed:
  (use "git restore --staged <file>..." to unstage) 
        modified:   02_activities/assignments/assignment.sh

(base) 
peeu3@LAPTOP-6C4ALIDE MINGW64 ~/shell/shell (main)  
$ git commit -m "complete part 1 of assignment"
[main d8f0679] complete part 1 of assignment
 1 file changed, 1 insertion(+)
(base) 
peeu3@LAPTOP-6C4ALIDE MINGW64 ~/shell/shell (main)  
$ git checkot -b assignment
git: 'checkot' is not a git command. See 'git --help'.

The most similar command is
        checkout
(base) 
peeu3@LAPTOP-6C4ALIDE MINGW64 ~/shell/shell (main)  
(base)
peeu3@LAPTOP-6C4ALIDE MINGW64 ~/shell/shell (assignment)
$ git push origin assignment
Enumerating objects: 9, done.
Counting objects: 100% (9/9), done.
Delta compression using up to 4 threads
Compressing objects: 100% (5/5), done.
Writing objects: 100% (5/5), 514 bytes | 64.00 KiB/s, done.
Total 5 (delta 2), reused 0 (delta 0), pack-reused 0 (from 0)
remote: Resolving deltas: 100% (2/2), completed with 2 local objects.
remote:
remote: Create a pull request for 'assignment' on GitHub by visiting:
remote:      https://github.com/peeu32/shell/pull/new/assignment
remote:
To https://github.com/peeu32/shell
 * [new branch]      assignment -> assignment
(base)
peeu3@LAPTOP-6C4ALIDE MINGW64 ~/shell/shell (assignment)
$ history
    1  ipython
    2  conda create --name dsi_participant python=3.9~
    3  conda create --name dsi_participant python=3.9~
    4  conda create --name dsi_participant python=3.13
    5  conda activate dsi_participant
    6  conda install -c conda-forge numpy requests ipykernel pandas seaborn scikit-learn python-dotenv dask pyarrow">=11.0.0" sacred sqlalchemy psycopg2 shap fancyimpute missingno tensorflow matplotlib plotly nbformat scikit-image opencv transformers yfinance pygam pybind11
    7  mkdir haha
    8  mkdir new
    9  ls
   10  nan file1.txt
   11  code file1.txt
   12  mkdir
   13  mkdir new
   14  touch myscript
   15  cd
   16  mkdir txt
   17  touch myscript
   18  touch setup_direct
   19  code setup_direct
   20  touch main_analysis.py
   21  ls
   22  mkdir output data
   23  ls
   24  touch demofile demofile2
   25  ls
   26  history
   27  history | less
   28  history | tail
   29  mkdir test
   30  pwd
   31  ls
   32  cd C:\Users\peeu3\OneDrive\Desktop
   33  pwd
   34  cd /c/Users/peeu3/OneDrive/Desktop
   35  is
   36  Is
   37  code
   38  nano backup.sh
   39  git --
   40  cd
   41  git --help
   42  gitconfig
   43  git config
   44  gitconfig --help
   45  git config list --global
   46  git config --global uswr.name -''Peeu''
   47  git config --global user.name "PB"
   48  get config --global user.email "devpy.pb@gmail.com"
   49  get config --global user.name "PB"
   50  get config --global user.email "devpy.pb@gmail.com"
   51  git config --global user.name "PB"
   52  git config --global user.email "devpy.pb@gmail.com"
   53  get config list --global
   54  get config list --global
   55  git config list --global
   56  git config --global core.editor "code --wait"
   57  code ~/.gitconfig
   58  git config list --global
   59  git credential-manager github list
   60  git credential-manager github login
   61  git credential-manager github list
   62  git clone https://github.com/uoft-dsi/shell
   63  ls
   64  cd
   65  pwd
   66  cd shell/
   67  ls
   68  pwd
   69  rm -rf shell/
   70  git https://github.com/peeu32/shell
   71  pwd
   72  cd shell
   73  ls
   74  touch helloworld
   75  ls
   76  git add helloworld
   77  git status
   78  git commit
   79  git status
   80  git push origin main
   81  history
   82  ls
   83  pwd
   84  code
   85  code 02_activities/assignments/assignment
   86  code 02_activities/assignments/assignment.sh
   87  git status
   88  git status
   89  git status
   90  git add -A
   91  git status
   92  git commit -m "complete part 1 of assignment"
   93  git checkot -b assignment
   94  git checkout -b assignment
   95  git status
   96  git push origin assignment
   97  history
(base) 
peeu3@LAPTOP-6C4ALIDE MINGW64 ~/shell/shell (assignment)
$