Did not find path entry /c/Users/peeu3/miniconda3/bin
(base) 
peeu3@LAPTOP-6C4ALIDE MINGW64 ~
$ #!/bin/bash
(base) 
peeu3@LAPTOP-6C4ALIDE MINGW64 ~
$ mkdir clean_repo
(base) 
peeu3@LAPTOP-6C4ALIDE MINGW64 ~
$ cd clean_repo
(base) 
peeu3@LAPTOP-6C4ALIDE MINGW64 ~/clean_repo
$ pwd
/c/Users/peeu3/clean_repo
(base)
peeu3@LAPTOP-6C4ALIDE MINGW64 ~/clean_repo
$ touch myscript.sh
(base)
peeu3@LAPTOP-6C4ALIDE MINGW64 ~/clean_repo
$ touch README.md
(base)
peeu3@LAPTOP-6C4ALIDE MINGW64 ~/clean_repo
$ code README.md
(base)
peeu3@LAPTOP-6C4ALIDE MINGW64 ~/clean_repo
$ d
bash: d: command not found
(base) 
peeu3@LAPTOP-6C4ALIDE MINGW64 ~/clean_repo
$ cd
(base) 
peeu3@LAPTOP-6C4ALIDE MINGW64 ~
$ cd clean_repo
(base) 
peeu3@LAPTOP-6C4ALIDE MINGW64 ~/clean_repo
$ git init
Initialized empty Git repository in C:/Users/peeu3/clean_repo/.git/
(base) 
peeu3@LAPTOP-6C4ALIDE MINGW64 ~/clean_repo (master)
$ git status
On branch master

No commits yet

Untracked files:
  (use "git add <file>..." to include in what will be committed)
        README.md
        myscript.sh

nothing added to commit but untracked files present (use "git add" to track)
(base) 
peeu3@LAPTOP-6C4ALIDE MINGW64 ~/clean_repo (master)
$ git add -A
(base)
peeu3@LAPTOP-6C4ALIDE MINGW64 ~/clean_repo (master)
$ git status
On branch master

No commits yet

Changes to be committed:
  (use "git rm --cached <file>..." to unstage)
        new file:   README.md
        new file:   myscript.sh

(base)
peeu3@LAPTOP-6C4ALIDE MINGW64 ~/clean_repo (master)
$ git commit
[master (root-commit) 4695c7d] "initial commit"
 2 files changed, 0 insertions(+), 0 deletions(-)
 create mode 100644 README.md
 create mode 100644 myscript.sh
(base)
peeu3@LAPTOP-6C4ALIDE MINGW64 ~/clean_repo (master)
$ git checkout -b main
Switched to a new branch 'main'
(base)
peeu3@LAPTOP-6C4ALIDE MINGW64 ~/clean_repo (main)
$ pwd
/c/Users/peeu3/clean_repo
(base)
peeu3@LAPTOP-6C4ALIDE MINGW64 ~/clean_repo (main)
$ git status
On branch main
nothing to commit, working tree clean
(base) 
peeu3@LAPTOP-6C4ALIDE MINGW64 ~/clean_repo (main)
$ git log
commit 4695c7d2af0340809b8c2fc72bc8ea0d3e8eb9c4 (HEAD -> main, master)
Author: PB <devpy.pb@gmail.com>
Date:   Thu Nov 21 18:12:17 2024 -0500

    "initial commit"
(base) 
peeu3@LAPTOP-6C4ALIDE MINGW64 ~/clean_repo (main)
$ git remote add origin https://github.com/peeu32/friendly-octo-chainsaw.git
(base) 
peeu3@LAPTOP-6C4ALIDE MINGW64 ~/clean_repo (main)
$ git push -u origin main
Enumerating objects: 3, done.
Counting objects: 100% (3/3), done.
Delta compression using up to 4 threads
Compressing objects: 100% (2/2), done.
Writing objects: 100% (3/3), 226 bytes | 226.00 KiB/s, done.
Total 3 (delta 0), reused 0 (delta 0), pack-reused 0 (from 0)
To https://github.com/peeu32/friendly-octo-chainsaw.git
 * [new branch]      main -> main
branch 'main' set up to track 'origin/main'.
(base) 
peeu3@LAPTOP-6C4ALIDE MINGW64 ~/clean_repo (main)
$ git push
Everything up-to-date
(base) 
peeu3@LAPTOP-6C4ALIDE MINGW64 ~/clean_repo (main)
$ git remote -v
origin  https://github.com/peeu32/friendly-octo-chainsaw.git (fetch)
origin  https://github.com/peeu32/friendly-octo-chainsaw.git (push)       
(base) 
peeu3@LAPTOP-6C4ALIDE MINGW64 ~/clean_repo (main)
$ git remote rm origin
(base) 
peeu3@LAPTOP-6C4ALIDE MINGW64 ~/clean_repo (main)
$ git remote -v
(base) 
peeu3@LAPTOP-6C4ALIDE MINGW64 ~/clean_repo (main)
$ git remote add apple https://github.com/peeu32/friendly-octo-chainsaw.git
(base) 
peeu3@LAPTOP-6C4ALIDE MINGW64 ~/clean_repo (main)
$ git remote -v
apple   https://github.com/peeu32/friendly-octo-chainsaw.git (fetch)
apple   https://github.com/peeu32/friendly-octo-chainsaw.git (push)       
(base) 
peeu3@LAPTOP-6C4ALIDE MINGW64 ~/clean_repo (main)
$ git push
fatal: The current branch main has no upstream branch.
To push the current branch and set the remote as upstream, use

    git push --set-upstream apple main

To have this happen automatically for branches without a tracking
upstream, see 'push.autoSetupRemote' in 'git help config'.

(base) 
peeu3@LAPTOP-6C4ALIDE MINGW64 ~/clean_repo (main)
$ git push apple main
Everything up-to-date
(base) 
peeu3@LAPTOP-6C4ALIDE MINGW64 ~/clean_repo (main)
$ git push -u apple main
branch 'main' set up to track 'apple/main'.
Everything up-to-date
(base) 
peeu3@LAPTOP-6C4ALIDE MINGW64 ~/clean_repo (main)
$ git push
Everything up-to-date
(base) 
peeu3@LAPTOP-6C4ALIDE MINGW64 ~/clean_repo (main)
$ git push apple main
Everything up-to-date
(base) 
peeu3@LAPTOP-6C4ALIDE MINGW64 ~/clean_repo (main)
$ git log
commit 4695c7d2af0340809b8c2fc72bc8ea0d3e8eb9c4 (HEAD -> main, apple/main, master)
commit 4695c7d2af0340809b8c2fc72bc8ea0d3e8eb9c4 (HEAD -> main, apple/main, master)
Author: PB <devpy.pb@gmail.com>
Date:   Thu Nov 21 18:12:17 2024 -0500

    "initial commit"
(base)
peeu3@LAPTOP-6C4ALIDE MINGW64 ~/clean_repo (main)
$ git log
commit 4695c7d2af0340809b8c2fc72bc8ea0d3e8eb9c4 (HEAD -> main, apple/main, master)
Author: PB <devpy.pb@gmail.com>
Date:   Thu Nov 21 18:12:17 2024 -0500

    "initial commit"
(base)
peeu3@LAPTOP-6C4ALIDE MINGW64 ~/clean_repo (main)
$ git status
On branch main
Your branch is up to date with 'apple/main'.

nothing to commit, working tree clean
(base)
peeu3@LAPTOP-6C4ALIDE MINGW64 ~/clean_repo (main)
$ git checkout main
Already on 'main'
Your branch is up to date with 'apple/main'.
(base)
peeu3@LAPTOP-6C4ALIDE MINGW64 ~/clean_repo (main)
$ git status
On branch main
Your branch is up to date with 'apple/main'.

Changes not staged for commit:
  (use "git add <file>..." to update what will be committed)
  (use "git restore <file>..." to discard changes in working directory)   
        modified:   README.md

no changes added to commit (use "git add" and/or "git commit -a")
(base) 
peeu3@LAPTOP-6C4ALIDE MINGW64 ~/clean_repo (main)
$ git log
commit 4695c7d2af0340809b8c2fc72bc8ea0d3e8eb9c4 (HEAD -> main, apple/main,
 master)
Author: PB <devpy.pb@gmail.com>
Date:   Thu Nov 21 18:12:17 2024 -0500

    "initial commit"
(base) 
peeu3@LAPTOP-6C4ALIDE MINGW64 ~/clean_repo (main)
$ git push origin main
fatal: 'origin' does not appear to be a git repository
fatal: Could not read from remote repository.

Please make sure you have the correct access rights
and the repository exists.
(base) 
peeu3@LAPTOP-6C4ALIDE MINGW64 ~/clean_repo (main)
$ git remote -d
error: unknown switch `d'
usage: git remote [-v | --verbose]
   or: git remote add [-t <branch>] [-m <master>] [-f] [--tags | --no-tags] [--mirror=<fetch|push>] <name> <url>
   or: git remote rename [--[no-]progress] <old> <new>
   or: git remote remove <name>
   or: git remote set-head <name> (-a | --auto | -d | --delete | <branch>)
   or: git remote [-v | --verbose] show [-n] <name>
   or: git remote prune [-n | --dry-run] <name>
   or: git remote [-v | --verbose] update [-p | --prune] [(<group> | <remote>)...]
   or: git remote set-branches [--add] <name> <branch>...
   or: git remote get-url [--push] [--all] <name>
   or: git remote set-url [--push] <name> <newurl> [<oldurl>]
   or: git remote set-url --add <name> <newurl>
   or: git remote set-url --delete <name> <url>

    -v, --[no-]verbose    be verbose; must be placed before a subcommand  

(base) 
peeu3@LAPTOP-6C4ALIDE MINGW64 ~/clean_repo (main)
$ git push github main
fatal: 'github' does not appear to be a git repository
fatal: Could not read from remote repository.

Please make sure you have the correct access rights
and the repository exists.
(base) 
peeu3@LAPTOP-6C4ALIDE MINGW64 ~/clean_repo (main)
$ git push apple main
Everything up-to-date
(base) 
peeu3@LAPTOP-6C4ALIDE MINGW64 ~/clean_repo (main)
$ git log
commit 4695c7d2af0340809b8c2fc72bc8ea0d3e8eb9c4 (HEAD -> main, apple/main,
 master)
Author: PB <devpy.pb@gmail.com>
Date:   Thu Nov 21 18:12:17 2024 -0500

    "initial commit"
(base) 
peeu3@LAPTOP-6C4ALIDE MINGW64 ~/clean_repo (main)
$ pwd
/c/Users/peeu3/clean_repo
(base) 
peeu3@LAPTOP-6C4ALIDE MINGW64 ~/clean_repo (main)
$ git checkout -b
error: switch `b' requires a value
(base) 
peeu3@LAPTOP-6C4ALIDE MINGW64 ~/clean_repo (main)
$ git branch -v
* main   4695c7d "initial commit"
  master 4695c7d "initial commit"
(base) 
peeu3@LAPTOP-6C4ALIDE MINGW64 ~/clean_repo (main)
$ git branch -rv
  apple/main 4695c7d "initial commit"
(base)
peeu3@LAPTOP-6C4ALIDE MINGW64 ~/clean_repo (main)
$ git branch -d master
Deleted branch master (was 4695c7d).
(base)
peeu3@LAPTOP-6C4ALIDE MINGW64 ~/clean_repo (main)
$ git branch -v
* main 4695c7d "initial commit"
(base)
peeu3@LAPTOP-6C4ALIDE MINGW64 ~/clean_repo (main)
$ git branch -v
* main 4695c7d "initial commit"
(base)
peeu3@LAPTOP-6C4ALIDE MINGW64 ~/clean_repo (main)
$ git branch -rv
  apple/main 4695c7d "initial commit"
(base)
peeu3@LAPTOP-6C4ALIDE MINGW64 ~/clean_repo (main)
$ git checkout main
M       README.md
Already on 'main'
Your branch is up to date with 'apple/main'.
(base)
peeu3@LAPTOP-6C4ALIDE MINGW64 ~/clean_repo (main)
$ git push apple main
Everything up-to-date
(base)
$ git pull apple main
$ git pull apple main
remote: Enumerating objects: 5, done.
remote: Counting objects: 100% (5/5), done.
remote: Compressing objects: 100% (3/3), done.
remote: Total 3 (delta 0), reused 0 (delta 0), pack-reused 0 (from 0)     
Unpacking objects: 100% (3/3), 993 bytes | 141.00 KiB/s, done.
From https://github.com/peeu32/friendly-octo-chainsaw
 * branch            main       -> FETCH_HEAD
   4695c7d..dd3c01b  main       -> apple/main
Updating 4695c7d..dd3c01b
Fast-forward
 myscript.sh | 5 +++++
 1 file changed, 5 insertions(+)
(base)
peeu3@LAPTOP-6C4ALIDE MINGW64 ~/clean_repo (main)
$ git log
commit dd3c01b47e6122065cb259809b226585ae959383 (HEAD -> main, apple/main)Author: Peeu Banerjee <peeu32@gmail.com>
Date:   Thu Nov 21 19:19:19 2024 -0500

    Update myscript.sh

commit 4695c7d2af0340809b8c2fc72bc8ea0d3e8eb9c4
Author: PB <devpy.pb@gmail.com>
Date:   Thu Nov 21 18:12:17 2024 -0500

    "initial commit"
(base)
peeu3@LAPTOP-6C4ALIDE MINGW64 ~/clean_repo (main)
$ git remote -v
apple   https://github.com/peeu32/friendly-octo-chainsaw.git (fetch)
apple   https://github.com/peeu32/friendly-octo-chainsaw.git (push)       
(base) 
peeu3@LAPTOP-6C4ALIDE MINGW64 ~/clean_repo (main)
$ git add -A
(base) 
peeu3@LAPTOP-6C4ALIDE MINGW64 ~/clean_repo (main)
$ git status
On branch main
Your branch is up to date with 'apple/main'.

Changes to be committed:
  (use "git restore --staged <file>..." to unstage)
        modified:   README.md
        modified:   myscript.sh

(base) 
peeu3@LAPTOP-6C4ALIDE MINGW64 ~/clean_repo (main)
$ git commit -m "made changes"
[main 30a68b1] made changes
 2 files changed, 2 insertions(+), 1 deletion(-)
(base) 
peeu3@LAPTOP-6C4ALIDE MINGW64 ~/clean_repo (main)
$ git fetch origin
fatal: 'origin' does not appear to be a git repository
fatal: Could not read from remote repository.

Please make sure you have the correct access rights
and the repository exists.
(base) 
peeu3@LAPTOP-6C4ALIDE MINGW64 ~/clean_repo (main)
$ git status
On branch main
Your branch is ahead of 'apple/main' by 1 commit.
  (use "git push" to publish your local commits)

nothing to commit, working tree clean
(base) 
peeu3@LAPTOP-6C4ALIDE MINGW64 ~/clean_repo (main)
$ git fetch apple main
remote: Enumerating objects: 5, done.
remote: Counting objects: 100% (5/5), done.
remote: Compressing objects: 100% (3/3), done.
remote: Total 3 (delta 1), reused 0 (delta 0), pack-reused 0 (from 0)     
Unpacking objects: 100% (3/3), 969 bytes | 80.00 KiB/s, done.
From https://github.com/peeu32/friendly-octo-chainsaw
 * branch            main       -> FETCH_HEAD
   dd3c01b..021f11d  main       -> apple/main
(base) 
peeu3@LAPTOP-6C4ALIDE MINGW64 ~/clean_repo (main)
$ git status
On branch main
Your branch and 'apple/main' have diverged,
and have 1 and 1 different commits each, respectively.
  (use "git pull" if you want to integrate the remote branch with yours)  

nothing to commit, working tree clean
(base)
peeu3@LAPTOP-6C4ALIDE MINGW64 ~/clean_repo (main)
$ git pull apple main
From https://github.com/peeu32/friendly-octo-chainsaw
 * branch            main       -> FETCH_HEAD
Auto-merging myscript.sh
CONFLICT (content): Merge conflict in myscrpeeu3@LAPTOP-6C4ALIDE MINGW64 ~/clean_repo (main|MERGING)
$ git status
On branch main
Your branch and 'apple/main' have diverged,

and have 1 and 1 different commits each, respectively.
  (use "git pull" if you want to integrate the remote branch with yours)

You have unmerged paths.
  (fix conflicts and run "git commit")     
  (use "git merge --abort" to abort the merge)

Unmerged paths:
  (use "git add <file>..." to mark resolution)
        both modified:   myscript.sh       

no changes added to commit (use "git add" and/or "git commit -a")
(base)
peeu3@LAPTOP-6C4ALIDE MINGW64 ~/clean_repo (main|MERGING)
$ git status
On branch main
Your branch and 'apple/main' have diverged,
and have 1 and 1 different commits each, respectively.
  (use "git pull" if you want to integrate the remote branch with yours)

You have unmerged paths.
  (fix conflicts and run "git commit")     
  (use "git merge --abort" to abort the merge)

Unmerged paths:
  (use "git add <file>..." to mark resolution)
        both modified:   myscript.sh       

no changes added to commit (use "git add" and/or "git commit -a")
(base) 
peeu3@LAPTOP-6C4ALIDE MINGW64 ~/clean_repo (main|MERGING)
$ git add -A
(base) 
peeu3@LAPTOP-6C4ALIDE MINGW64 ~/clean_repo (main|MERGING)
$ git commit
hint: Waiting for your editor to close the 
[main d3c68b8] Merge branch 'main' of https://github.com/peeu32/friendly-octo-chainsaw
(base) 
peeu3@LAPTOP-6C4ALIDE MINGW64 ~/clean_repo (main)
$ git push apple main
Enumerating objects: 13, done.
Counting objects: 100% (12/12), done.      
Delta compression using up to 4 threads    
Compressing objects: 100% (6/6), done.     
Writing objects: 100% (7/7), 847 bytes | 847.00 KiB/s, done.
Total 7 (delta 0), reused 0 (delta 0), pack-reused 0 (from 0)
To https://github.com/peeu32/friendly-octo-chainsaw.git
   021f11d..d3c68b8  main -> main
(base) 
peeu3@LAPTOP-6C4ALIDE MINGW64 ~/clean_repo (main)
$ git log
commit d3c68b82a99e6f2140890596d3b32037b6a78129 (HEAD -> main, apple/main)
Merge: 30a68b1 021f11d
om/peeu32/friendly-octo-chainsaw

commit 021f11d837d691e130780b92a2eb5dd88ae3d651
Author: Peeu Banerjee <peeu32@gmail.com>
Date:   Thu Nov 21 19:39:06 2024 -0500

    Update myscript.sh

commit 30a68b10348881ddf0458a95c1073f239699c277
Author: PB <devpy.pb@gmail.com>
Date:   Thu Nov 21 19:38:18 2024 -0500

    made changes

commit dd3c01b47e6122065cb259809b226585ae959383
Author: Peeu Banerjee <peeu32@gmail.com>   
Date:   Thu Nov 21 19:19:19 2024 -0500     

    Update myscript.sh

commit 4695c7d2af0340809b8c2fc72bc8ea0d3e8eb9c4
Author: PB <devpy.pb@gmail.com>
Date:   Thu Nov 21 18:12:17 2024 -0500     
    "initial commit"
    "initial commit"
~
~
~
~
~
~
~
~
~
~
(base)
peeu3@LAPTOP-6C4ALIDE MINGW64 ~/clean_repo (main)
$ pwd
/c/Users/peeu3/clean_repo
(base) 
peeu3@LAPTOP-6C4ALIDE MINGW64 ~/clean_repo (main)
$ cd ..
(base) 
peeu3@LAPTOP-6C4ALIDE MINGW64 ~
$ pwd
/c/Users/peeu3
(base) 
peeu3@LAPTOP-6C4ALIDE MINGW64 ~
$ git clone https://github.com/peeu32/dsi_c5_playground
Cloning into 'dsi_c5_playground'...
remote: Enumerating objects: 3, done 
remote: Counting objects: 100% (3/3), done.
remote: Compressing objects:  50% (1/remote: Compressing objects: 100% (2/remote: Compressing objects: 100% (2/2), done.
remote: Total 3 (delta 0), reused 3 (delta 0), pack-reused 0 (from 0)     
Receiving objects: 100% (3/3), done.
(base) 
peeu3@LAPTOP-6C4ALIDE MINGW64 ~      
$ ls -a
 ./
 ../
 .bash_history
 .bash_profile
 .bashrc
 .conda/
 .gitconfig
 .lesshst
 .ms-ad/
 .vscode/
 AppData/
'Application Data'@
 cccc
 check/
 clean_repo/
 Contacts/
 Cookies@
 data/
 dddddddddddddddd
 demofile
 demofile2
 dir10/
 dir11/
 Documents/
 Downloads/
 dsi_c5_playground/
 Favorites/
 file
 file.txt3
 file1
 file1.txt
 IntelGraphicsProfiles/
 Links/
'Local Settings'@
 main_analysis.py
 miniconda3/
 Music/
'My Documents'@
 my_directory/
 myscript
 NetHood@
 new/
 newwww/
 NTUSER.DAT
 ntuser.dat.LOG1
 NTUSER.DAT{7b5dfc33-4fcd-11ed-9f12-9500820c72e8}.TMContainer00000000000000000001.regtrans-ms
 NTUSER.DAT{7b5dfc33-4fcd-11ed-9f12-9500820c72e8}.TMContainer00000000000000000002.regtrans-ms
 NTUSER.DAT{7b5dfc33-4fcd-11ed-9f12-9500820c72e8}.TMContainer00000000000000000002.regtrans-ms
 test/
 txt/
 Videos/
(base)
peeu3@LAPTOP-6C4ALIDE MINGW64 ~
$ cd dsi_c5_playground
(base)
peeu3@LAPTOP-6C4ALIDE MINGW64 ~/dsi_c5_playground (main)   
$ code README.md
(base)
peeu3@LAPTOP-6C4ALIDE MINGW64 ~/dsi_c5_playground (main)   
$ pwd
/c/Users/peeu3/dsi_c5_playground
(base)
peeu3@LAPTOP-6C4ALIDE MINGW64 ~/dsi_c5_playground (main)   
$ ls -a
./  ../  .git/  README.md
(base)
peeu3@LAPTOP-6C4ALIDE MINGW64 ~/dsi_c5_playground (main)   
$ git add -A
(base) 
peeu3@LAPTOP-6C4ALIDE MINGW64 ~/dsi_c5_playground (main)
$ git commit -m "updated README new lines"
[main 37c0080] updated README new lines
 1 file changed, 10 insertions(+), 8 deletions(-)
(base) 
peeu3@LAPTOP-6C4ALIDE MINGW64 ~/dsi_c5_playground (main)
$ git push
Enumerating objects: 5, done.
Counting objects: 100% (5/5), done.
l object.
To https://github.com/peeu32/dsi_c5_playground
   6f85d6e..37c0080  main -> main
(base)
l object.
To https://github.com/peeu32/dsi_c5_playground
   6f85d6e..37c0080  main -> main
(base)
peeu3@LAPTOP-6C4ALIDE MINGW64 ~/dsi_c5_playground (main)   
$ git remote -v
origin  https://github.com/peeu32/dsi_c5_playground (fetch)origin  https://github.com/peeu32/dsi_c5_playground (push) 
(base)
peeu3@LAPTOP-6C4ALIDE MINGW64 ~/dsi_c5_playground (main)   
$ git remote add upstream https://github.com/dtxe/dsi_c5_playground/pull/29
(base)
peeu3@LAPTOP-6C4ALIDE MINGW64 ~/dsi_c5_playground (main)   
$ git pull upstream main
remote: Not Found
fatal: repository 'https://github.com/dtxe/dsi_c5_playground/pull/29/' not found
(base)
peeu3@LAPTOP-6C4ALIDE MINGW64 ~/dsi_c5_playground (main)   
$ git remote add upstream https://github.com/dtxe/dsi_c5_playground
error: remote upstream already exists.
(base)
peeu3@LAPTOP-6C4ALIDE MINGW64 ~/dsi_c5_playground (main)   
$ git pull upsteam main
fatal: 'upsteam' does not appear to be a git repository    
fatal: Could not read from remote repository.

Please make sure you have the correct access rights        
and the repository exists.
(base)
(base)
peeu3@LAPTOP-6C4ALIDE MINGW64 ~/dsi_c5_playground (main)
$ git remote add upstream https://github.com/dtxe/dsi_c5_playground
(base)
peeu3@LAPTOP-6C4ALIDE MINGW64 ~/dsi_c5_playground (main)
$ git pull upstream main
(base)
peeu3@LAPTOP-6C4ALIDE MINGW64 ~/dsi_c5_playground (main)   
$ git remote add upstream https://github.com/dtxe/dsi_c5_playground
(base)
peeu3@LAPTOP-6C4ALIDE MINGW64 ~/dsi_c5_playground (main)   
$ git pull upstream main
remote: Enumerating objects: 10, done.
remote: Counting objects: 100% (7/7), done.
remote: Compressing objects: 100% (3/3), done.
remote: Total 10 (delta 3), reused 5 (delta 3), pack-reused 3 (from 1)
Unpacking objects: 100% (10/10), 2.00 KiB | 102.00 KiB/s, done.
From https://github.com/dtxe/dsi_c5_playground
 * branch            main       -> FETCH_HEAD
 * [new branch]      main       -> upstream/main
Auto-merging README.md
CONFLICT (content): Merge conflict in README.md
Automatic merge failed; fix conflicts and then commit the result.
(base)
peeu3@LAPTOP-6C4ALIDE MINGW64 ~/dsi_c5_playground (main|MERGING)
$ pwd
/c/Users/peeu3/dsi_c5_playground
(base)
peeu3@LAPTOP-6C4ALIDE MINGW64 ~/dsi_c5_playground (main|MERGING)
$ code README.md
(base)
peeu3@LAPTOP-6C4ALIDE MINGW64 ~/dsi_c5_playground (main|MERGING)
$ git add -A
(base) 
peeu3@LAPTOP-6C4ALIDE MINGW64 ~/dsi_c5_playground (main|MERGING)
$ git commit
[main 76e1a56] Merge branch 'main' of https://github.com/dtxe/dsi_c5_playground
(base) 
peeu3@LAPTOP-6C4ALIDE MINGW64 ~/dsi_c5_playground (main)   
$ git push
Enumerating objects: 7, done.
Counting objects: 100% (7/7), done.
Delta compression using up to 4 threads
Compressing objects: 100% (2/2), done.
Writing objects: 100% (3/3), 390 bytes | 390.00 KiB/s, done.
Total 3 (delta 1), reused 0 (delta 0), pack-reused 0 (from 0)
remote: Resolving deltas: 100% (1/1), completed with 1 local object.
To https://github.com/peeu32/dsi_c5_playground
   37c0080..76e1a56  main -> main
(base) 
peeu3@LAPTOP-6C4ALIDE MINGW64 ~/dsi_c5_playground (main)   
$ git log
commit 76e1a5623db54218cff85e59e3daa88c4e3bc1a5 (HEAD -> main, origin/main, origin/HEAD)
Merge: 37c0080 715053d
Author: PB <devpy.pb@gmail.com>
Date:   Thu Nov 21 20:32:54 2024 -0500

    Merge branch 'main' of https://github.com/dtxe/dsi_c5_playground

commit 715053d50e6c1b92e42c0d328fed65348b1f0ce0 (upstream/main)
Merge: 2b9e677 f51a8bb
Author: Simeon Wong <dtxe@users.noreply.github.com>        
Date:   Thu Nov 21 20:17:00 2024 -0500

    Merge branch 'main' of https://github.com/dtxe/dsi_c5_playground

commit f51a8bbb8c7250b25a2a2a4205be0e8a60965537
Merge: 6f85d6e d801940
Author: Simeon Wong <7825879+dtxe@users.noreply.github.com>
Date:   Thu Nov 21 20:13:33 2024 -0500

    Merge pull request #1 from simeon-demo/main

    updated README add new lines

commit 37c0080b1bc502b4a1b5010a1d56210b351300f1
Author: PB <devpy.pb@gmail.com>
Date:   Thu Nov 21 20:12:27 2024 -0500

    updated README new lines

Finishing logfile... (interrupt to abort)(base) 
peeu3@LAPTOP-6C4ALIDE MINGW64 ~/dsi_c5_playground (main)   
$ git log
commit 76e1a5623db54218cff85e59e3daa88c4e3bc1a5 (HEAD -> main, origin/main, origin/HEAD)
Merge: 37c0080 715053d
Author: PB <devpy.pb@gmail.com>
Date:   Thu Nov 21 20:32:54 2024 -0500

    Merge branch 'main' of https://github.com/dtxe/dsi_c5_playground

commit 715053d50e6c1b92e42c0d328fed65348b1f0ce0 (upstream/main)
Merge: 2b9e677 f51a8bb
Author: Simeon Wong <dtxe@users.noreply.github.com>        
Date:   Thu Nov 21 20:17:00 2024 -0500

    Merge branch 'main' of https://github.com/dtxe/dsi_c5_playground

commit f51a8bbb8c7250b25a2a2a4205be0e8a60965537
Merge: 6f85d6e d801940
Author: Simeon Wong <7825879+dtxe@users.noreply.github.com>
Date:   Thu Nov 21 20:13:33 2024 -0500

    Merge pull request #1 from simeon-demo/main

    updated README add new lines

commit 37c0080b1bc502b4a1b5010a1d56210b351300f1
Author: PB <devpy.pb@gmail.com>
Date:   Thu Nov 21 20:12:27 2024 -0500

    updated README new lines

commit d801940749c27322a0997e3013318c2f1babebbc
Author: Simeon <me@simeon.dev>
Date:   Thu Nov 21 20:12:19 2024 -0500

    updated README add new lines

commit 2b9e6772f0f7f34167cc9ae3b8fa9928e64fb89b
Author: Darshan <darshanlae03@gmail.com>
Date:   Thu Nov 21 20:08:32 2024 -0500

    added a line

commit 6f85d6ec2571928eb7af2f7a1daa086889e86eee
Author: Simeon Wong <dtxe@users.noreply.github.com>        
Date:   Thu Nov 21 20:01:18 2024 -0500

    initial
(base) 
peeu3@LAPTOP-6C4ALIDE MINGW64 ~/dsi_c5_playground (main)   
$ git status
On branch main
Your branch is up to date with 'origin/main'.

Untracked files:
  (use "git add <file>..." to include in what will be committed)
        tad

nothing added to commit but untracked files present (use "git add" to track)
(base) 
peeu3@LAPTOP-6C4ALIDE MINGW64 ~/dsi_c5_playground (main)   
$histoy
  167  #!/bin/bash
  168  mkdir clean_repo
  169  cd clean_repo
  170  pwd
  171  touch myscript.sh
  172  touch README.md
  173  code README.md
  174  d
  175  cd
  176  cd clean_repo
  177  git init
  178  git status
  179  git add -A
  180  git status
  181  git commit
  182  git checkout -b main
  183  pwd
  184  git status
  185  git log
  186  git remote add origin https://github.com/peeu32/friendly-octo-chainsaw.git
  187  git push -u origin main
  188  git push
  189  git remote -v
  190  git remote rm origin
  191  git remote -v
  192  git remote add apple https://github.com/peeu32/friendly-octo-chainsaw.git
  193  git remote -v
  194  git push
  195  git push apple main
  196  git push -u apple main
  197  git push
  198  git push apple main
  199  git log
  200  git log
  201  git status
  202  git checkout main
  203  git status
  204  git log
  205  git push origin main
  206  git remote -d
  207  git push github main
  208  git push apple main
  209  git log
  210  pwd
  211  git checkout -b
  212  git branch -v
  213  git branch -rv
  214  git branch -d master
  215  git branch -v
  216  git branch -v
  217  git branch -rv
  218  git checkout main
  219  git push apple main
  220  git pull apple main
  221  git log
  222  git remote -v
  223  git add -A
  224  git status
  225  git commit -m "made changes"
  226  git fetch origin
  227  git status
  228  git fetch apple main
  229  git status
  230  git pull apple main
  231  git status
  232  git status
  233  git add -A
  234  git commit
  235  git push apple main
  236  git log
  237  pwd
  238  cd ..
  239  pwd
  240  git clone https://github.com/peeu32/dsi_c5_playground
  241  ls -a
  242  cd dsi_c5_playground
  243  code README.md
  244  pwd
  245  ls -a
  246  git add -A
  247  git commit -m "updated README new lines"
  248  git push
  249  git remote -v
  250  git remote add upstream https://github.com/dtxe/dsi_c5_playground/pull/29
  251  git pull upstream main
  252  git remote add upstream https://github.com/dtxe/dsi_c5_playground
  253  git pull upsteam main
  254  git remote remove upstream
  255  git remote -v
  256  git remote add upstream https://github.com/dtxe/dsi_c5_playground
  257  git pull upstream main
  258  pwd
  259  code README.md
  260  git add -A
  261  git commit
  262  git push
  263  git log
  264  git log
  265  git status
  266  history